<?xml version="1.0" encoding="UTF-8"?>
<testsuites name="jest tests" tests="35" failures="0" errors="0" time="9.432">
  <testsuite name="Layout" errors="0" failures="0" skipped="0" timestamp="2021-09-22T15:11:09" time="3.346" tests="1">
    <testcase classname="Layout snapshot" name="Layout snapshot" time="0.115">
    </testcase>
  </testsuite>
  <testsuite name="ListOfCategories" errors="0" failures="0" skipped="0" timestamp="2021-09-22T15:11:09" time="3.774" tests="1">
    <testcase classname="ListOfCategories snapshot" name="ListOfCategories snapshot" time="0.252">
    </testcase>
  </testsuite>
  <testsuite name="withPhotos" errors="0" failures="0" skipped="0" timestamp="2021-09-22T15:11:09" time="4.54" tests="1">
    <testcase classname="withPhotos snapshot" name="withPhotos snapshot" time="0.31">
    </testcase>
  </testsuite>
  <testsuite name="ListOfPhotoCards" errors="0" failures="0" skipped="0" timestamp="2021-09-22T15:11:09" time="4.979" tests="2">
    <testcase classname="ListOfPhotoCards snapshot" name="ListOfPhotoCards snapshot" time="0.128">
    </testcase>
    <testcase classname="ListOfPhotoCards should render the PhotoCard" name="ListOfPhotoCards should render the PhotoCard" time="0.088">
    </testcase>
  </testsuite>
  <testsuite name="ListOfPhotoCardsComponent" errors="0" failures="0" skipped="0" timestamp="2021-09-22T15:11:09" time="4.923" tests="1">
    <testcase classname="ListOfPhotoCardsComponent snapshot" name="ListOfPhotoCardsComponent snapshot" time="0.159">
    </testcase>
  </testsuite>
  <testsuite name="PhotoCard" errors="0" failures="0" skipped="0" timestamp="2021-09-22T15:11:09" time="5.159" tests="2">
    <testcase classname="PhotoCard snapshot" name="PhotoCard snapshot" time="0.181">
    </testcase>
    <testcase classname="PhotoCard should render PhotoCard" name="PhotoCard should render PhotoCard" time="0.1">
    </testcase>
  </testsuite>
  <testsuite name="PhotoCardWithQuery" errors="0" failures="0" skipped="0" timestamp="2021-09-22T15:11:09" time="5.098" tests="3">
    <testcase classname="PhotoCardWithQuery snapshot" name="PhotoCardWithQuery snapshot" time="0.143">
    </testcase>
    <testcase classname="PhotoCardWithQuery should render the FavsWithQuery" name="PhotoCardWithQuery should render the FavsWithQuery" time="0.258">
    </testcase>
    <testcase classname="PhotoCardWithQuery should render the error" name="PhotoCardWithQuery should render the error" time="0.028">
    </testcase>
  </testsuite>
  <testsuite name="useRegister" errors="0" failures="0" skipped="0" timestamp="2021-09-22T15:11:12" time="1.858" tests="1">
    <testcase classname="useRegister fist test" name="useRegister fist test" time="0.118">
    </testcase>
  </testsuite>
  <testsuite name="Category" errors="0" failures="0" skipped="0" timestamp="2021-09-22T15:11:14" time="0.964" tests="1">
    <testcase classname="Category snapshot" name="Category snapshot" time="0.031">
    </testcase>
  </testsuite>
  <testsuite name="useInputValue" errors="0" failures="0" skipped="0" timestamp="2021-09-22T15:11:14" time="0.769" tests="1">
    <testcase classname="useInputValue fist test" name="useInputValue fist test" time="0.052">
    </testcase>
  </testsuite>
  <testsuite name="Logo" errors="0" failures="0" skipped="0" timestamp="2021-09-22T15:11:14" time="0.844" tests="1">
    <testcase classname="Logo snapshot" name="Logo snapshot" time="0.077">
    </testcase>
  </testsuite>
  <testsuite name="useLogin" errors="0" failures="0" skipped="0" timestamp="2021-09-22T15:11:14" time="1.098" tests="1">
    <testcase classname="useLogin fist test" name="useLogin fist test" time="0.1">
    </testcase>
  </testsuite>
  <testsuite name="SubmitButton" errors="0" failures="0" skipped="0" timestamp="2021-09-22T15:11:14" time="1.717" tests="2">
    <testcase classname="SubmitButton snapshot" name="SubmitButton snapshot" time="0.02">
    </testcase>
    <testcase classname="SubmitButton should render spinner" name="SubmitButton should render spinner" time="0.06">
    </testcase>
  </testsuite>
  <testsuite name="UserForm" errors="0" failures="0" skipped="0" timestamp="2021-09-22T15:11:14" time="1.493" tests="2">
    <testcase classname="UserForm snapshot" name="UserForm snapshot" time="0.113">
    </testcase>
    <testcase classname="UserForm should render error" name="UserForm should render error" time="0.055">
    </testcase>
  </testsuite>
  <testsuite name="FavButton" errors="0" failures="0" skipped="0" timestamp="2021-09-22T15:11:15" time="0.59" tests="1">
    <testcase classname="FavButton snapshot" name="FavButton snapshot" time="0.025">
    </testcase>
  </testsuite>
  <testsuite name="ImageLogin" errors="0" failures="0" skipped="0" timestamp="2021-09-22T15:11:15" time="0.618" tests="1">
    <testcase classname="ImageLogin snapshot" name="ImageLogin snapshot" time="0.011">
    </testcase>
  </testsuite>
  <testsuite name="NavBar" errors="0" failures="0" skipped="0" timestamp="2021-09-22T15:11:15" time="0.632" tests="1">
    <testcase classname="NavBar snapshot" name="NavBar snapshot" time="0.023">
    </testcase>
  </testsuite>
  <testsuite name="FavsWithQuery" errors="0" failures="0" skipped="0" timestamp="2021-09-22T15:11:13" time="2.916" tests="3">
    <testcase classname="FavsWithQuery snapshot" name="FavsWithQuery snapshot" time="0.046">
    </testcase>
    <testcase classname="FavsWithQuery should render the FavsWithQuery" name="FavsWithQuery should render the FavsWithQuery" time="0.188">
    </testcase>
    <testcase classname="FavsWithQuery should render the error" name="FavsWithQuery should render the error" time="0.048">
    </testcase>
  </testsuite>
  <testsuite name="UserFormRedirect" errors="0" failures="0" skipped="0" timestamp="2021-09-22T15:11:15" time="0.708" tests="1">
    <testcase classname="UserFormRedirect snapshot" name="UserFormRedirect snapshot" time="0.088">
    </testcase>
  </testsuite>
  <testsuite name="useInputValue" errors="0" failures="0" skipped="0" timestamp="2021-09-22T15:11:16" time="0.476" tests="1">
    <testcase classname="useInputValue fist test" name="useInputValue fist test" time="0.011">
    </testcase>
  </testsuite>
  <testsuite name="useCategoriesDatawithPhotos" errors="0" failures="0" skipped="0" timestamp="2021-09-22T15:11:15" time="0.75" tests="1">
    <testcase classname="useCategoriesDatawithPhotos fist test" name="useCategoriesDatawithPhotos fist test" time="0.058">
    </testcase>
  </testsuite>
  <testsuite name="useInputValue" errors="0" failures="0" skipped="0" timestamp="2021-09-22T15:11:16" time="0.487" tests="3">
    <testcase classname="useInputValue fist test" name="useInputValue fist test" time="0.015">
    </testcase>
    <testcase classname="useInputValue should get stored value declared" name="useInputValue should get stored value declared" time="0.002">
    </testcase>
    <testcase classname="useInputValue should change Initial value" name="useInputValue should change Initial value" time="0.004">
    </testcase>
  </testsuite>
  <testsuite name="useRegister" errors="0" failures="0" skipped="0" timestamp="2021-09-22T15:11:16" time="0.765" tests="1">
    <testcase classname="useRegister fist test" name="useRegister fist test" time="0.031">
    </testcase>
  </testsuite>
  <testsuite name="ListOfFavs" errors="0" failures="0" skipped="0" timestamp="2021-09-22T15:11:16" time="0.586" tests="2">
    <testcase classname="ListOfFavs snapshot" name="ListOfFavs snapshot" time="0.005">
    </testcase>
    <testcase classname="ListOfFavs should render Favs" name="ListOfFavs should render Favs" time="0.055">
    </testcase>
  </testsuite>
</testsuites>